PS C:\Users\makoto0492> mkdir git_challenge


    ディレクトリ: C:\Users\makoto0492


Mode                 LastWriteTime         Length Name
----                 -------------         ------ ----
d-----        2024/11/10      7:58                git_challenge


PS C:\Users\makoto0492> cd c:\Users\makoto0492\git_challenge
PS C:\Users\makoto0492\git_challenge> echo "Hello,world!" > hello_world.txt
PS C:\Users\makoto0492\git_challenge> git status
fatal: not a git repository (or any of the parent directories): .git
PS C:\Users\makoto0492\git_challenge> git init
Initialized empty Git repository in C:/Users/makoto0492/git_challenge/.git/
PS C:\Users\makoto0492\git_challenge> git status
On branch main

No commits yet

Untracked files:
  (use "git add <file>..." to include in what will be committed)
        hello_world.txt

nothing added to commit but untracked files present (use "git add" to track)
PS C:\Users\makoto0492\git_challenge> git add hello_world.txt
PS C:\Users\makoto0492\git_challenge> git commit -m "hello_world.txtを追加"
[main (root-commit) ee80162] hello_world.txtを追加
 1 file changed, 0 insertions(+), 0 deletions(-)
 create mode 100644 hello_world.txt
PS C:\Users\makoto0492\git_challenge> git add hello_world.txt
PS C:\Users\makoto0492\git_challenge> git status
On branch main
Changes to be committed:
  (use "git restore --staged <file>..." to unstage)
        modified:   hello_world.txt

PS C:\Users\makoto0492\git_challenge> git commit -m "日本語訳を追記"
[main 5e1c415] 日本語訳を追記
 1 file changed, 0 insertions(+), 0 deletions(-)
PS C:\Users\makoto0492\git_challenge>
PS C:\Users\makoto0492\git_challenge> git log --oneline
5e1c415 (HEAD -> main) 日本語訳を追記
ee80162 hello_world.txtを追加
